2025-08-09 01:55:08.089 Starting server...
2025-08-09 01:55:08.090 Serving static content from /opt/miniconda3/lib/python3.13/site-packages/streamlit/static
2025-08-09 01:55:08.093 Server started on port 8501
2025-08-09 01:55:08.093 Runtime state: RuntimeState.INITIAL -> RuntimeState.NO_SESSIONS_CONNECTED

  You can now view your Streamlit app in your browser.

  Local URL: http://localhost:8501
  Network URL: http://192.168.1.6:8501

2025-08-09 01:55:08.170 Setting up signal handler
2025-08-09 01:55:08.193 No singleton. Registering one.
2025-08-09 01:55:08.196 Watcher created for /Users/almusailet/Desktop/Joud-AI-Assistant/main_dashboard.py
2025-08-09 01:55:08.196 AppSession initialized (id=6be4a383-faa2-46a4-a820-7eabc7680d91)
2025-08-09 01:55:08.196 Created new session for client 4384067600. Session ID: 6be4a383-faa2-46a4-a820-7eabc7680d91
2025-08-09 01:55:08.196 Runtime state: RuntimeState.NO_SESSIONS_CONNECTED -> RuntimeState.ONE_OR_MORE_SESSIONS_CONNECTED
2025-08-09 01:55:08.963 Watcher created for /Users/almusailet/Desktop/Joud-AI-Assistant/main_dashboard.py
2025-08-09 01:55:08.963 AppSession initialized (id=6d591bb8-0c68-4cd4-bdc2-c883649318b7)
2025-08-09 01:55:08.964 Created new session for client 4383438992. Session ID: 6d591bb8-0c68-4cd4-bdc2-c883649318b7
2025-08-09 01:55:08.964 Runtime state: RuntimeState.ONE_OR_MORE_SESSIONS_CONNECTED -> RuntimeState.ONE_OR_MORE_SESSIONS_CONNECTED
2025-08-09 01:55:08.975 Received the following back message:
rerun_script {
  widget_states {
  }
  context_info {
    timezone: "Europe/Rome"
    timezone_offset: -120
    locale: "en-US"
    url: "http://localhost:8501/"
    is_embedded: false
    color_scheme: "light"
  }
}

2025-08-09 01:55:08.976 Beginning script thread
2025-08-09 01:55:08.977 Running script RerunData(widget_states=, context_info=timezone: "Europe/Rome"
timezone_offset: -120
locale: "en-US"
url: "http://localhost:8501/"
is_embedded: false
color_scheme: "light"
)
2025-08-09 01:55:08.977 Disconnecting files for session with ID 6d591bb8-0c68-4cd4-bdc2-c883649318b7
2025-08-09 01:55:08.977 Sessions still active: dict_keys([])
2025-08-09 01:55:08.979 Files: 0; Sessions with files: 0
[31m──[0m[31m────────────────────────[0m[31m [0m[1;31mTraceback [0m[1;2;31m(most recent call last)[0m[31m [0m[31m─────────────────────────[0m[31m──[0m
[31m [0m [2;33m/opt/miniconda3/lib/python3.13/site-packages/streamlit/runtime/scriptrunner/[0m[1;33mexec_cod[0m [31m [0m
[31m [0m [1;33me.py[0m:[94m128[0m in [92mexec_func_with_error_handling[0m                                            [31m [0m
[31m [0m                                                                                      [31m [0m
[31m [0m [2;33m/opt/miniconda3/lib/python3.13/site-packages/streamlit/runtime/scriptrunner/[0m[1;33mscript_r[0m [31m [0m
[31m [0m [1;33munner.py[0m:[94m669[0m in [92mcode_to_exec[0m                                                         [31m [0m
[31m [0m                                                                                      [31m [0m
[31m [0m [2;33m/Users/almusailet/Desktop/Joud-AI-Assistant/[0m[1;33mmain_dashboard.py[0m:[94m112[0m in [92m<module>[0m        [31m [0m
[31m [0m                                                                                      [31m [0m
[31m [0m   [2m109 [0m[2m│   [0m[94mwith[0m tabs[[94m4[0m]: finance_tab()                                                [31m [0m
[31m [0m   [2m110 [0m                                                                               [31m [0m
[31m [0m   [2m111 [0m[94mif[0m [91m__name__[0m == [33m"[0m[33m__main__[0m[33m"[0m:                                                     [31m [0m
[31m [0m [31m❱ [0m112 [2m│   [0m[1;4mmain()[0m                                                                     [31m [0m
[31m [0m   [2m113 [0m                                                                               [31m [0m
[31m [0m                                                                                      [31m [0m
[31m [0m [2;33m/Users/almusailet/Desktop/Joud-AI-Assistant/[0m[1;33mmain_dashboard.py[0m:[94m108[0m in [92mmain[0m            [31m [0m
[31m [0m                                                                                      [31m [0m
[31m [0m   [2m105 [0m[2m│   [0m[94mwith[0m tabs[[94m0[0m]: chat_tab()                                                   [31m [0m
[31m [0m   [2m106 [0m[2m│   [0m[94mwith[0m tabs[[94m1[0m]: mood_tab()                                                   [31m [0m
[31m [0m   [2m107 [0m[2m│   [0m[94mwith[0m tabs[[94m2[0m]: suggestions_tab()                                            [31m [0m
[31m [0m [31m❱ [0m108 [2m│   [0m[94mwith[0m tabs[[94m3[0m]: [1;4mplanner_tab()[0m                                                [31m [0m
[31m [0m   [2m109 [0m[2m│   [0m[94mwith[0m tabs[[94m4[0m]: finance_tab()                                                [31m [0m
[31m [0m   [2m110 [0m                                                                               [31m [0m
[31m [0m   [2m111 [0m[94mif[0m [91m__name__[0m == [33m"[0m[33m__main__[0m[33m"[0m:                                                     [31m [0m
[31m [0m                                                                                      [31m [0m
[31m [0m [2;33m/Users/almusailet/Desktop/Joud-AI-Assistant/[0m[1;33mmain_dashboard.py[0m:[94m80[0m in [92mplanner_tab[0m      [31m [0m
[31m [0m                                                                                      [31m [0m
[31m [0m   [2m 77 [0m                                                                               [31m [0m
[31m [0m   [2m 78 [0m[94mdef[0m[90m [0m[92mplanner_tab[0m():                                                             [31m [0m
[31m [0m   [2m 79 [0m[2m│   [0mst.subheader([33m"[0m[33mPlanner[0m[33m"[0m)                                                    [31m [0m
[31m [0m [31m❱ [0m 80 [2m│   [0mtasks = [1;4mload_tasks()[0m                                                       [31m [0m
[31m [0m   [2m 81 [0m[2m│   [0mrender_planner(tasks)                                                      [31m [0m
[31m [0m   [2m 82 [0m[2m│   [0mnew = st.text_input([33m"[0m[33mNew task[0m[33m"[0m)                                            [31m [0m
[31m [0m   [2m 83 [0m[2m│   [0mwhen = st.date_input([33m"[0m[33mWhen[0m[33m"[0m)                                               [31m [0m
[31m [0m                                                                                      [31m [0m
[31m [0m [2;33m/Users/almusailet/Desktop/Joud-AI-Assistant/modules/[0m[1;33mplanner_engine.py[0m:[94m48[0m in          [31m [0m
[31m [0m [92mload_tasks[0m                                                                           [31m [0m
[31m [0m                                                                                      [31m [0m
[31m [0m   [2m 45 [0m[2m│   │   │   [0m[94mreturn[0m (t.get([33m"[0m[33mdate[0m[33m"[0m) [95mor[0m [33m"[0m[33m9999-12-31[0m[33m"[0m, t.get([33m"[0m[33mcreated_at[0m[33m"[0m) [95mor[0m [33m"[0m[33m"[0m)  [31m [0m
[31m [0m   [2m 46 [0m[2m│   │   [0m[94mexcept[0m [96mException[0m:                                                      [31m [0m
[31m [0m   [2m 47 [0m[2m│   │   │   [0m[94mreturn[0m ([33m"[0m[33m9999-12-31[0m[33m"[0m, [33m"[0m[33m"[0m)                                          [31m [0m
[31m [0m [31m❱ [0m 48 [2m│   [0m[1;4mtasks.sort[0m(key=sort_key)                                                   [31m [0m
[31m [0m   [2m 49 [0m[2m│   [0m[94mreturn[0m tasks                                                               [31m [0m
[31m [0m   [2m 50 [0m                                                                               [31m [0m
[31m [0m   [2m 51 [0m                                                                               [31m [0m
[31m────────────────────────────────────────────────────────────────────────────────────────[0m
[1;91mAttributeError: [0m[32m'dict'[0m object has no attribute [32m'sort'[0m
2025-08-09 01:55:10.447 Removing orphaned files...
2025-08-09 01:55:10.697 Watcher created for /Users/almusailet/Desktop/Joud-AI-Assistant/modules/__init__.py
2025-08-09 01:55:10.697 Watcher created for /Users/almusailet/Desktop/Joud-AI-Assistant/modules/chat_module.py
2025-08-09 01:55:10.697 Watcher created for /Users/almusailet/Desktop/Joud-AI-Assistant/modules/voice_module.py
2025-08-09 01:55:10.698 Watcher created for /Users/almusailet/Desktop/Joud-AI-Assistant/modules/mood_tracker.py
2025-08-09 01:55:10.698 Watcher created for /Users/almusailet/Desktop/Joud-AI-Assistant/modules/smart_suggester.py
2025-08-09 01:55:10.698 Watcher created for /Users/almusailet/Desktop/Joud-AI-Assistant/modules/financial_advisor.py
2025-08-09 01:55:10.698 Watcher created for /Users/almusailet/Desktop/Joud-AI-Assistant/modules/planner_engine.py
2025-08-09 01:55:10.699 Watcher created for /Users/almusailet/Desktop/Joud-AI-Assistant/modules/avatar_widget.py
2025-08-09 01:55:10.891 Watcher created for /Users/almusailet/Desktop/Joud-AI-Assistant/main_dashboard.py
2025-08-09 01:55:10.891 AppSession initialized (id=12452f23-6917-44ea-a043-5e09834f3ea9)
2025-08-09 01:55:10.891 Created new session for client 4383439632. Session ID: 12452f23-6917-44ea-a043-5e09834f3ea9
2025-08-09 01:55:10.891 Runtime state: RuntimeState.ONE_OR_MORE_SESSIONS_CONNECTED -> RuntimeState.ONE_OR_MORE_SESSIONS_CONNECTED
2025-08-09 01:55:10.903 Watcher created for /Users/almusailet/Desktop/Joud-AI-Assistant/main_dashboard.py
2025-08-09 01:55:10.903 AppSession initialized (id=f170ddbd-492b-4c59-98cf-9c1fae2ab0b8)
2025-08-09 01:55:10.903 Created new session for client 6067630032. Session ID: f170ddbd-492b-4c59-98cf-9c1fae2ab0b8
2025-08-09 01:55:10.904 Runtime state: RuntimeState.ONE_OR_MORE_SESSIONS_CONNECTED -> RuntimeState.ONE_OR_MORE_SESSIONS_CONNECTED
2025-08-09 01:55:10.931 Watcher created for /Users/almusailet/Desktop/Joud-AI-Assistant/main_dashboard.py
2025-08-09 01:55:10.931 AppSession initialized (id=8703a781-502d-4b64-bbc7-1fb2ebbdf1dd)
2025-08-09 01:55:10.931 Created new session for client 6067631312. Session ID: 8703a781-502d-4b64-bbc7-1fb2ebbdf1dd
2025-08-09 01:55:10.931 Runtime state: RuntimeState.ONE_OR_MORE_SESSIONS_CONNECTED -> RuntimeState.ONE_OR_MORE_SESSIONS_CONNECTED
2025-08-09 02:00:46.219 Shutting down (id=6be4a383-faa2-46a4-a820-7eabc7680d91)
2025-08-09 02:00:46.221 Disconnecting files for session with ID 6be4a383-faa2-46a4-a820-7eabc7680d91
2025-08-09 02:00:46.221 Sessions still active: dict_keys([])
2025-08-09 02:00:46.228 Files: 0; Sessions with files: 0
2025-08-09 02:00:46.228 Removing orphaned files...
2025-08-09 02:00:46.386 Runtime state: RuntimeState.ONE_OR_MORE_SESSIONS_CONNECTED -> RuntimeState.NO_SESSIONS_CONNECTED
2025-08-09 02:00:46.384 Watcher created for /Users/almusailet/Desktop/Joud-AI-Assistant/main_dashboard.py
2025-08-09 02:00:46.384 Runtime state: RuntimeState.NO_SESSIONS_CONNECTED -> RuntimeState.ONE_OR_MORE_SESSIONS_CONNECTED
2025-08-09 02:00:47.929 Watcher created for /Users/almusailet/Desktop/Joud-AI-Assistant/main_dashboard.py
2025-08-09 02:00:47.929 AppSession initialized (id=d9dea8e4-42b9-4863-8111-4efb5708e853)
2025-08-09 02:00:47.930 Created new session for client 5174275088. Session ID: d9dea8e4-42b9-4863-8111-4efb5708e853
2025-08-09 02:00:47.930 Runtime state: RuntimeState.ONE_OR_MORE_SESSIONS_CONNECTED -> RuntimeState.ONE_OR_MORE_SESSIONS_CONNECTED
2025-08-09 02:00:47.970 Watcher created for /Users/almusailet/Desktop/Joud-AI-Assistant/main_dashboard.py
2025-08-09 02:00:47.970 AppSession initialized (id=9e9a8186-e2d2-423d-9828-619e4bfda211)
2025-08-09 02:00:47.970 Created new session for client 4383438032. Session ID: 9e9a8186-e2d2-423d-9828-619e4bfda211
2025-08-09 02:00:47.970 Runtime state: RuntimeState.ONE_OR_MORE_SESSIONS_CONNECTED -> RuntimeState.ONE_OR_MORE_SESSIONS_CONNECTED
2025-08-09 02:00:48.001 Watcher created for /Users/almusailet/Desktop/Joud-AI-Assistant/main_dashboard.py
2025-08-09 02:00:48.002 AppSession initialized (id=0e4e879e-e572-4cbf-a94b-645088dd55f4)
2025-08-09 02:00:48.002 Created new session for client 4383435152. Session ID: 0e4e879e-e572-4cbf-a94b-645088dd55f4
2025-08-09 02:00:48.002 Runtime state: RuntimeState.ONE_OR_MORE_SESSIONS_CONNECTED -> RuntimeState.ONE_OR_MORE_SESSIONS_CONNECTED
2025-08-09 02:00:55.251 Ignoring changed path /Users/almusailet/Desktop/Joud-AI-Assistant/.DS_Store.
Watched_paths: {'/Users/almusailet/Desktop/Joud-AI-Assistant/main_dashboard.py': WatchedPath(md5='683b8c56b9a20e8a956ba40966d8a51d', modification_time=1754696515.1766398, on_changed=<blinker.base.Signal object at 0x1054aac10>)}
2025-08-09 02:01:00.289 Runtime state: RuntimeState.ONE_OR_MORE_SESSIONS_CONNECTED -> RuntimeState.NO_SESSIONS_CONNECTED
2025-08-09 02:01:00.402 Watcher created for /Users/almusailet/Desktop/Joud-AI-Assistant/main_dashboard.py
2025-08-09 02:01:00.402 Runtime state: RuntimeState.NO_SESSIONS_CONNECTED -> RuntimeState.ONE_OR_MORE_SESSIONS_CONNECTED
2025-08-09 02:01:00.611 Watcher created for /Users/almusailet/Desktop/Joud-AI-Assistant/main_dashboard.py
2025-08-09 02:01:00.611 AppSession initialized (id=b3c2d376-1e15-42ec-aa81-7687ec89170a)
2025-08-09 02:01:00.611 Created new session for client 6058895440. Session ID: b3c2d376-1e15-42ec-aa81-7687ec89170a
2025-08-09 02:01:00.611 Runtime state: RuntimeState.ONE_OR_MORE_SESSIONS_CONNECTED -> RuntimeState.ONE_OR_MORE_SESSIONS_CONNECTED
2025-08-09 02:01:00.653 Watcher created for /Users/almusailet/Desktop/Joud-AI-Assistant/main_dashboard.py
2025-08-09 02:01:00.654 AppSession initialized (id=14e72750-097b-4914-a31f-002fac6d1d50)
2025-08-09 02:01:00.654 Created new session for client 4383439632. Session ID: 14e72750-097b-4914-a31f-002fac6d1d50
2025-08-09 02:01:00.654 Runtime state: RuntimeState.ONE_OR_MORE_SESSIONS_CONNECTED -> RuntimeState.ONE_OR_MORE_SESSIONS_CONNECTED
2025-08-09 02:01:00.734 Watcher created for /Users/almusailet/Desktop/Joud-AI-Assistant/main_dashboard.py
2025-08-09 02:01:00.734 AppSession initialized (id=cf26b292-862c-4290-87d1-cb4c76148e8e)
2025-08-09 02:01:00.735 Created new session for client 4383435152. Session ID: cf26b292-862c-4290-87d1-cb4c76148e8e
2025-08-09 02:01:00.735 Runtime state: RuntimeState.ONE_OR_MORE_SESSIONS_CONNECTED -> RuntimeState.ONE_OR_MORE_SESSIONS_CONNECTED
2025-08-09 12:57:00.741 Shutting down (id=d9dea8e4-42b9-4863-8111-4efb5708e853)
2025-08-09 12:57:00.761 Disconnecting files for session with ID d9dea8e4-42b9-4863-8111-4efb5708e853
2025-08-09 12:57:00.780 Sessions still active: dict_keys([])
2025-08-09 12:57:00.781 Files: 0; Sessions with files: 0
2025-08-09 12:57:00.781 Removing orphaned files...
2025-08-09 12:57:00.785 Shutting down (id=9e9a8186-e2d2-423d-9828-619e4bfda211)
2025-08-09 12:57:00.786 Disconnecting files for session with ID 9e9a8186-e2d2-423d-9828-619e4bfda211
2025-08-09 12:57:00.786 Sessions still active: dict_keys([])
2025-08-09 12:57:00.786 Files: 0; Sessions with files: 0
2025-08-09 12:57:00.786 Removing orphaned files...
2025-08-09 12:57:00.787 Shutting down (id=0e4e879e-e572-4cbf-a94b-645088dd55f4)
2025-08-09 12:57:00.787 Disconnecting files for session with ID 0e4e879e-e572-4cbf-a94b-645088dd55f4
2025-08-09 12:57:00.787 Sessions still active: dict_keys([])
2025-08-09 12:57:00.787 Files: 0; Sessions with files: 0
2025-08-09 12:57:00.787 Removing orphaned files...
2025-08-09 12:57:00.787 Shutting down (id=12452f23-6917-44ea-a043-5e09834f3ea9)
2025-08-09 12:57:00.792 Disconnecting files for session with ID 12452f23-6917-44ea-a043-5e09834f3ea9
2025-08-09 12:57:00.793 Sessions still active: dict_keys([])
2025-08-09 12:57:00.793 Files: 0; Sessions with files: 0
2025-08-09 12:57:00.793 Removing orphaned files...
2025-08-09 12:57:00.793 Shutting down (id=f170ddbd-492b-4c59-98cf-9c1fae2ab0b8)
2025-08-09 12:57:00.793 Disconnecting files for session with ID f170ddbd-492b-4c59-98cf-9c1fae2ab0b8
2025-08-09 12:57:00.793 Sessions still active: dict_keys([])
2025-08-09 12:57:00.793 Files: 0; Sessions with files: 0
2025-08-09 12:57:00.793 Removing orphaned files...
2025-08-09 12:57:00.794 Shutting down (id=8703a781-502d-4b64-bbc7-1fb2ebbdf1dd)
2025-08-09 12:57:00.794 Disconnecting files for session with ID 8703a781-502d-4b64-bbc7-1fb2ebbdf1dd
2025-08-09 12:57:00.794 Sessions still active: dict_keys([])
2025-08-09 12:57:00.794 Files: 0; Sessions with files: 0
2025-08-09 12:57:00.794 Removing orphaned files...
2025-08-09 12:57:00.819 Runtime state: RuntimeState.ONE_OR_MORE_SESSIONS_CONNECTED -> RuntimeState.NO_SESSIONS_CONNECTED
2025-08-09 12:57:09.669 Watcher created for /Users/almusailet/Desktop/Joud-AI-Assistant/main_dashboard.py
2025-08-09 12:57:09.690 AppSession initialized (id=d1ba3568-2d1f-4b60-9d78-eb8b0416a796)
2025-08-09 12:57:09.691 Created new session for client 6058897360. Session ID: d1ba3568-2d1f-4b60-9d78-eb8b0416a796
2025-08-09 12:57:09.691 Runtime state: RuntimeState.NO_SESSIONS_CONNECTED -> RuntimeState.ONE_OR_MORE_SESSIONS_CONNECTED
2025-08-09 12:57:09.700 Watcher created for /Users/almusailet/Desktop/Joud-AI-Assistant/main_dashboard.py
2025-08-09 12:57:09.701 AppSession initialized (id=e6078324-9d60-4589-96cc-d13c8802fbe2)
2025-08-09 12:57:09.808 Created new session for client 4383438032. Session ID: e6078324-9d60-4589-96cc-d13c8802fbe2
2025-08-09 12:57:09.808 Runtime state: RuntimeState.ONE_OR_MORE_SESSIONS_CONNECTED -> RuntimeState.ONE_OR_MORE_SESSIONS_CONNECTED
2025-08-09 12:57:09.836 Watcher created for /Users/almusailet/Desktop/Joud-AI-Assistant/main_dashboard.py
2025-08-09 12:57:09.837 Runtime state: RuntimeState.ONE_OR_MORE_SESSIONS_CONNECTED -> RuntimeState.ONE_OR_MORE_SESSIONS_CONNECTED
2025-08-09 12:57:09.855 Watcher created for /Users/almusailet/Desktop/Joud-AI-Assistant/main_dashboard.py
2025-08-09 12:57:09.860 AppSession initialized (id=a13440e6-1537-4631-a965-4a356b384897)
2025-08-09 12:57:09.861 Created new session for client 4383438672. Session ID: a13440e6-1537-4631-a965-4a356b384897
2025-08-09 12:57:09.861 Runtime state: RuntimeState.ONE_OR_MORE_SESSIONS_CONNECTED -> RuntimeState.ONE_OR_MORE_SESSIONS_CONNECTED
2025-08-09 13:11:28.369 Shutting down (id=cf26b292-862c-4290-87d1-cb4c76148e8e)
2025-08-09 13:11:28.434 Disconnecting files for session with ID cf26b292-862c-4290-87d1-cb4c76148e8e
2025-08-09 13:11:28.565 Sessions still active: dict_keys([])
2025-08-09 13:11:28.566 Files: 0; Sessions with files: 0
2025-08-09 13:11:28.589 Removing orphaned files...
2025-08-09 13:11:28.589 Shutting down (id=b3c2d376-1e15-42ec-aa81-7687ec89170a)
2025-08-09 13:11:28.589 Disconnecting files for session with ID b3c2d376-1e15-42ec-aa81-7687ec89170a
2025-08-09 13:11:28.589 Sessions still active: dict_keys([])
2025-08-09 13:11:28.589 Files: 0; Sessions with files: 0
2025-08-09 13:11:28.589 Removing orphaned files...
2025-08-09 13:11:28.589 Shutting down (id=14e72750-097b-4914-a31f-002fac6d1d50)
2025-08-09 13:11:28.589 Disconnecting files for session with ID 14e72750-097b-4914-a31f-002fac6d1d50
2025-08-09 13:11:28.589 Sessions still active: dict_keys([])
2025-08-09 13:11:28.589 Files: 0; Sessions with files: 0
2025-08-09 13:11:28.589 Removing orphaned files...
2025-08-09 13:11:28.603 Runtime state: RuntimeState.ONE_OR_MORE_SESSIONS_CONNECTED -> RuntimeState.NO_SESSIONS_CONNECTED
2025-08-09 13:11:28.705 Watcher created for /Users/almusailet/Desktop/Joud-AI-Assistant/main_dashboard.py
2025-08-09 13:11:28.706 Runtime state: RuntimeState.NO_SESSIONS_CONNECTED -> RuntimeState.ONE_OR_MORE_SESSIONS_CONNECTED
2025-08-09 13:11:28.855 Watcher created for /Users/almusailet/Desktop/Joud-AI-Assistant/main_dashboard.py
2025-08-09 13:11:28.856 AppSession initialized (id=008227c9-473b-4e3c-adb7-2290011ba1ad)
2025-08-09 13:11:28.856 Created new session for client 4383437712. Session ID: 008227c9-473b-4e3c-adb7-2290011ba1ad
2025-08-09 13:11:28.856 Runtime state: RuntimeState.ONE_OR_MORE_SESSIONS_CONNECTED -> RuntimeState.ONE_OR_MORE_SESSIONS_CONNECTED
2025-08-09 13:11:28.872 Watcher created for /Users/almusailet/Desktop/Joud-AI-Assistant/main_dashboard.py
2025-08-09 13:11:28.872 AppSession initialized (id=e1f812a8-fa3c-49e9-bcbf-5d4aeb41a7c5)
2025-08-09 13:11:28.872 Created new session for client 4383437072. Session ID: e1f812a8-fa3c-49e9-bcbf-5d4aeb41a7c5
2025-08-09 13:11:28.872 Runtime state: RuntimeState.ONE_OR_MORE_SESSIONS_CONNECTED -> RuntimeState.ONE_OR_MORE_SESSIONS_CONNECTED
2025-08-09 13:11:28.916 Watcher created for /Users/almusailet/Desktop/Joud-AI-Assistant/main_dashboard.py
2025-08-09 13:11:28.916 AppSession initialized (id=fe12a7f6-2293-4652-a89d-3f10846c0809)
2025-08-09 13:11:28.916 Created new session for client 4384349136. Session ID: fe12a7f6-2293-4652-a89d-3f10846c0809
2025-08-09 13:11:28.916 Runtime state: RuntimeState.ONE_OR_MORE_SESSIONS_CONNECTED -> RuntimeState.ONE_OR_MORE_SESSIONS_CONNECTED
2025-08-09 14:02:09.837 Shutting down (id=e1f812a8-fa3c-49e9-bcbf-5d4aeb41a7c5)
2025-08-09 14:02:09.840 Disconnecting files for session with ID e1f812a8-fa3c-49e9-bcbf-5d4aeb41a7c5
2025-08-09 14:02:09.840 Sessions still active: dict_keys([])
2025-08-09 14:02:09.841 Files: 0; Sessions with files: 0
2025-08-09 14:02:09.841 Removing orphaned files...
2025-08-09 14:02:09.848 Shutting down (id=008227c9-473b-4e3c-adb7-2290011ba1ad)
2025-08-09 14:02:09.848 Disconnecting files for session with ID 008227c9-473b-4e3c-adb7-2290011ba1ad
2025-08-09 14:02:09.848 Sessions still active: dict_keys([])
2025-08-09 14:02:09.848 Files: 0; Sessions with files: 0
2025-08-09 14:02:09.848 Removing orphaned files...
2025-08-09 14:02:09.848 Shutting down (id=fe12a7f6-2293-4652-a89d-3f10846c0809)
2025-08-09 14:02:09.848 Disconnecting files for session with ID fe12a7f6-2293-4652-a89d-3f10846c0809
2025-08-09 14:02:09.848 Sessions still active: dict_keys([])
2025-08-09 14:02:09.848 Files: 0; Sessions with files: 0
2025-08-09 14:02:09.848 Removing orphaned files...
2025-08-09 14:02:09.848 Shutting down (id=d1ba3568-2d1f-4b60-9d78-eb8b0416a796)
2025-08-09 14:02:09.848 Disconnecting files for session with ID d1ba3568-2d1f-4b60-9d78-eb8b0416a796
2025-08-09 14:02:09.848 Sessions still active: dict_keys([])
2025-08-09 14:02:09.848 Files: 0; Sessions with files: 0
2025-08-09 14:02:09.849 Removing orphaned files...
2025-08-09 14:02:09.849 Shutting down (id=e6078324-9d60-4589-96cc-d13c8802fbe2)
2025-08-09 14:02:09.849 Disconnecting files for session with ID e6078324-9d60-4589-96cc-d13c8802fbe2
2025-08-09 14:02:09.849 Sessions still active: dict_keys([])
2025-08-09 14:02:09.849 Files: 0; Sessions with files: 0
2025-08-09 14:02:09.849 Removing orphaned files...
2025-08-09 14:02:09.849 Shutting down (id=a13440e6-1537-4631-a965-4a356b384897)
2025-08-09 14:02:09.849 Disconnecting files for session with ID a13440e6-1537-4631-a965-4a356b384897
2025-08-09 14:02:09.849 Sessions still active: dict_keys([])
2025-08-09 14:02:09.849 Files: 0; Sessions with files: 0
2025-08-09 14:02:09.849 Removing orphaned files...
2025-08-09 14:02:09.850 Runtime state: RuntimeState.ONE_OR_MORE_SESSIONS_CONNECTED -> RuntimeState.NO_SESSIONS_CONNECTED
2025-08-09 14:02:10.230 Watcher created for /Users/almusailet/Desktop/Joud-AI-Assistant/main_dashboard.py
2025-08-09 14:02:10.230 Runtime state: RuntimeState.NO_SESSIONS_CONNECTED -> RuntimeState.ONE_OR_MORE_SESSIONS_CONNECTED
2025-08-09 14:02:48.472 Ignoring changed path /Users/almusailet/Desktop/Joud-AI-Assistant/assets/Unconfirmed 424308.crdownload.
Watched_paths: {'/Users/almusailet/Desktop/Joud-AI-Assistant/main_dashboard.py': WatchedPath(md5='683b8c56b9a20e8a956ba40966d8a51d', modification_time=1754696515.1766398, on_changed=<blinker.base.Signal object at 0x169ac1e50>)}
2025-08-09 14:02:48.475 Ignoring changed path /Users/almusailet/Desktop/Joud-AI-Assistant/assets.
Watched_paths: {'/Users/almusailet/Desktop/Joud-AI-Assistant/main_dashboard.py': WatchedPath(md5='683b8c56b9a20e8a956ba40966d8a51d', modification_time=1754696515.1766398, on_changed=<blinker.base.Signal object at 0x169ac1e50>)}
2025-08-09 14:02:48.476 Ignoring changed path /Users/almusailet/Desktop/Joud-AI-Assistant/assets/Unconfirmed 424308.crdownload.
Watched_paths: {'/Users/almusailet/Desktop/Joud-AI-Assistant/main_dashboard.py': WatchedPath(md5='683b8c56b9a20e8a956ba40966d8a51d', modification_time=1754696515.1766398, on_changed=<blinker.base.Signal object at 0x169ac1e50>)}
2025-08-09 14:02:48.476 Ignoring changed path /Users/almusailet/Desktop/Joud-AI-Assistant/assets.
Watched_paths: {'/Users/almusailet/Desktop/Joud-AI-Assistant/main_dashboard.py': WatchedPath(md5='683b8c56b9a20e8a956ba40966d8a51d', modification_time=1754696515.1766398, on_changed=<blinker.base.Signal object at 0x169ac1e50>)}
2025-08-09 14:02:48.476 Ignoring changed path /Users/almusailet/Desktop/Joud-AI-Assistant/assets/Unconfirmed 424308.crdownload.
Watched_paths: {'/Users/almusailet/Desktop/Joud-AI-Assistant/main_dashboard.py': WatchedPath(md5='683b8c56b9a20e8a956ba40966d8a51d', modification_time=1754696515.1766398, on_changed=<blinker.base.Signal object at 0x169ac1e50>)}
2025-08-09 14:02:48.476 Ignoring changed path /Users/almusailet/Desktop/Joud-AI-Assistant/assets/Unconfirmed 424308.crdownload.
Watched_paths: {'/Users/almusailet/Desktop/Joud-AI-Assistant/main_dashboard.py': WatchedPath(md5='683b8c56b9a20e8a956ba40966d8a51d', modification_time=1754696515.1766398, on_changed=<blinker.base.Signal object at 0x169ac1e50>)}
2025-08-09 14:02:48.476 Ignoring changed path /Users/almusailet/Desktop/Joud-AI-Assistant/assets.
Watched_paths: {'/Users/almusailet/Desktop/Joud-AI-Assistant/main_dashboard.py': WatchedPath(md5='683b8c56b9a20e8a956ba40966d8a51d', modification_time=1754696515.1766398, on_changed=<blinker.base.Signal object at 0x169ac1e50>)}
2025-08-09 14:02:48.583 Ignoring changed path /Users/almusailet/Desktop/Joud-AI-Assistant/assets/Unconfirmed 424308.crdownload.
Watched_paths: {'/Users/almusailet/Desktop/Joud-AI-Assistant/main_dashboard.py': WatchedPath(md5='683b8c56b9a20e8a956ba40966d8a51d', modification_time=1754696515.1766398, on_changed=<blinker.base.Signal object at 0x169ac1e50>)}
2025-08-09 14:02:48.584 Move event: src /Users/almusailet/Desktop/Joud-AI-Assistant/assets/Unconfirmed 424308.crdownload; dest /Users/almusailet/Desktop/Joud-AI-Assistant/assets/assets_task_01k27b670nf90tdd7fkaxe13kn_1754740897_img_1.webp
2025-08-09 14:02:48.585 Ignoring changed path /Users/almusailet/Desktop/Joud-AI-Assistant/assets/assets_task_01k27b670nf90tdd7fkaxe13kn_1754740897_img_1.webp.
Watched_paths: {'/Users/almusailet/Desktop/Joud-AI-Assistant/main_dashboard.py': WatchedPath(md5='683b8c56b9a20e8a956ba40966d8a51d', modification_time=1754696515.1766398, on_changed=<blinker.base.Signal object at 0x169ac1e50>)}
2025-08-09 14:02:48.587 Ignoring changed path /Users/almusailet/Desktop/Joud-AI-Assistant/assets.
Watched_paths: {'/Users/almusailet/Desktop/Joud-AI-Assistant/main_dashboard.py': WatchedPath(md5='683b8c56b9a20e8a956ba40966d8a51d', modification_time=1754696515.1766398, on_changed=<blinker.base.Signal object at 0x169ac1e50>)}
2025-08-09 14:02:48.588 Ignoring changed path /Users/almusailet/Desktop/Joud-AI-Assistant/assets/assets_task_01k27b670nf90tdd7fkaxe13kn_1754740897_img_1.webp.
Watched_paths: {'/Users/almusailet/Desktop/Joud-AI-Assistant/main_dashboard.py': WatchedPath(md5='683b8c56b9a20e8a956ba40966d8a51d', modification_time=1754696515.1766398, on_changed=<blinker.base.Signal object at 0x169ac1e50>)}
2025-08-09 14:02:48.589 Ignoring changed path /Users/almusailet/Desktop/Joud-AI-Assistant/assets/assets_task_01k27b670nf90tdd7fkaxe13kn_1754740897_img_1.webp.
Watched_paths: {'/Users/almusailet/Desktop/Joud-AI-Assistant/main_dashboard.py': WatchedPath(md5='683b8c56b9a20e8a956ba40966d8a51d', modification_time=1754696515.1766398, on_changed=<blinker.base.Signal object at 0x169ac1e50>)}
2025-08-09 14:02:48.590 Ignoring changed path /Users/almusailet/Desktop/Joud-AI-Assistant/assets.
Watched_paths: {'/Users/almusailet/Desktop/Joud-AI-Assistant/main_dashboard.py': WatchedPath(md5='683b8c56b9a20e8a956ba40966d8a51d', modification_time=1754696515.1766398, on_changed=<blinker.base.Signal object at 0x169ac1e50>)}
2025-08-09 14:02:48.591 Ignoring changed path /Users/almusailet/Desktop/Joud-AI-Assistant/assets/assets_task_01k27b670nf90tdd7fkaxe13kn_1754740897_img_1.webp.
Watched_paths: {'/Users/almusailet/Desktop/Joud-AI-Assistant/main_dashboard.py': WatchedPath(md5='683b8c56b9a20e8a956ba40966d8a51d', modification_time=1754696515.1766398, on_changed=<blinker.base.Signal object at 0x169ac1e50>)}
2025-08-09 14:02:48.591 Ignoring changed path /Users/almusailet/Desktop/Joud-AI-Assistant/assets.
Watched_paths: {'/Users/almusailet/Desktop/Joud-AI-Assistant/main_dashboard.py': WatchedPath(md5='683b8c56b9a20e8a956ba40966d8a51d', modification_time=1754696515.1766398, on_changed=<blinker.base.Signal object at 0x169ac1e50>)}
2025-08-09 14:02:48.600 Ignoring changed path /Users/almusailet/Desktop/Joud-AI-Assistant/assets/assets_task_01k27b670nf90tdd7fkaxe13kn_1754740897_img_1.webp.
Watched_paths: {'/Users/almusailet/Desktop/Joud-AI-Assistant/main_dashboard.py': WatchedPath(md5='683b8c56b9a20e8a956ba40966d8a51d', modification_time=1754696515.1766398, on_changed=<blinker.base.Signal object at 0x169ac1e50>)}
2025-08-09 14:02:48.601 Ignoring changed path /Users/almusailet/Desktop/Joud-AI-Assistant/assets/assets_task_01k27b670nf90tdd7fkaxe13kn_1754740897_img_1.webp.
Watched_paths: {'/Users/almusailet/Desktop/Joud-AI-Assistant/main_dashboard.py': WatchedPath(md5='683b8c56b9a20e8a956ba40966d8a51d', modification_time=1754696515.1766398, on_changed=<blinker.base.Signal object at 0x169ac1e50>)}
2025-08-09 14:02:48.602 Ignoring changed path /Users/almusailet/Desktop/Joud-AI-Assistant/assets.
Watched_paths: {'/Users/almusailet/Desktop/Joud-AI-Assistant/main_dashboard.py': WatchedPath(md5='683b8c56b9a20e8a956ba40966d8a51d', modification_time=1754696515.1766398, on_changed=<blinker.base.Signal object at 0x169ac1e50>)}
2025-08-09 14:02:48.603 Ignoring changed path /Users/almusailet/Desktop/Joud-AI-Assistant/assets/assets_task_01k27b670nf90tdd7fkaxe13kn_1754740897_img_1.webp.
Watched_paths: {'/Users/almusailet/Desktop/Joud-AI-Assistant/main_dashboard.py': WatchedPath(md5='683b8c56b9a20e8a956ba40966d8a51d', modification_time=1754696515.1766398, on_changed=<blinker.base.Signal object at 0x169ac1e50>)}
2025-08-09 14:10:16.482 Runtime state: RuntimeState.ONE_OR_MORE_SESSIONS_CONNECTED -> RuntimeState.NO_SESSIONS_CONNECTED
2025-08-09 14:10:16.674 Watcher created for /Users/almusailet/Desktop/Joud-AI-Assistant/main_dashboard.py
2025-08-09 14:10:16.675 Runtime state: RuntimeState.NO_SESSIONS_CONNECTED -> RuntimeState.ONE_OR_MORE_SESSIONS_CONNECTED
